// Jest Snapshot v1, https://jestjs.io/docs/snapshot-testing

exports[`<SecurityRoomSettingsTab /> history visibility uses shared as default history visibility when no state event found 1`] = `
<fieldset
  class="mx_SettingsFieldset"
>
  <legend
    class="mx_SettingsFieldset_legend"
  >
    Who can read history?
  </legend>
  <div
    class="mx_SettingsFieldset_description"
  >
    <div
      class="mx_SettingsSubsection_text"
    >
      <span>
        Changes won't affect past messages, only new ones. 
        <a
          class="mx_ExternalLink"
          href="https://aide.tchap.numerique.gouv.fr/fr/article/comment-creer-un-salon-web-11abmcr/"
          rel="noreferrer noopener"
          target="_blank"
        >
          Learn more
          <svg
            class="mx_ExternalLink_icon"
            fill="currentColor"
            height="1em"
            viewBox="0 0 24 24"
            width="1em"
            xmlns="http://www.w3.org/2000/svg"
          >
            <path
              d="M5 3h6a1 1 0 1 1 0 2H5v14h14v-6a1 1 0 1 1 2 0v6a2 2 0 0 1-2 2H5a2 2 0 0 1-2-2V5a2 2 0 0 1 2-2"
            />
            <path
              d="M15 3h5a1 1 0 0 1 1 1v5a1 1 0 1 1-2 0V6.414l-6.293 6.293a1 1 0 0 1-1.414-1.414L17.586 5H15a1 1 0 1 1 0-2"
            />
          </svg>
        </a>
      </span>
    </div>
  </div>
  <div
    class="mx_SettingsFieldset_content"
  >
    <label
      class="mx_StyledRadioButton mx_StyledRadioButton_enabled"
    >
      <input
        id="historyVis-invited"
        name="historyVis"
        type="radio"
        value="invited"
      />
      <div>
        <div />
      </div>
      <div
        class="mx_StyledRadioButton_content"
      >
        Members since invited
      </div>
      <div
        class="mx_StyledRadioButton_spacer"
      />
    </label>
    <label
      class="mx_StyledRadioButton mx_StyledRadioButton_enabled mx_StyledRadioButton_checked"
    >
      <input
        checked=""
        id="historyVis-shared"
        name="historyVis"
        type="radio"
        value="shared"
      />
      <div>
        <div />
      </div>
      <div
        class="mx_StyledRadioButton_content"
      >
        Members (full history)
      </div>
      <div
        class="mx_StyledRadioButton_spacer"
      />
    </label>
  </div>
</fieldset>
`;
