// Jest Snapshot v1, https://goo.gl/fbAQLP

exports[`TchapCreateRoomDialog should render the whole component with with the allow access switch: allow access switch is present, allows other domain than AGENT 1`] = `
<div
  className="mx_SettingsFlag"
>
  <span
    className="mx_SettingsFlag_label"
  >
    Allow access to this room to all users, even outside "AGENT" domain
  </span>
  <_default
    checked={false}
    onChange={[Function]}
    title="Allow access to this room to all users, even outside "AGENT" domain"
  >
    <AccessibleTooltipButton
      aria-checked={false}
      aria-disabled={false}
      className="mx_ToggleSwitch mx_ToggleSwitch_enabled"
      onClick={[Function]}
      role="switch"
      title="Allow access to this room to all users, even outside "AGENT" domain"
    >
      <AccessibleButton
        aria-checked={false}
        aria-disabled={false}
        aria-label="Allow access to this room to all users, even outside "AGENT" domain"
        className="mx_ToggleSwitch mx_ToggleSwitch_enabled"
        onBlur={[Function]}
        onClick={[Function]}
        onFocus={[Function]}
        onMouseLeave={[Function]}
        onMouseOver={[Function]}
        role="switch"
        tabIndex={0}
      >
        <div
          aria-checked={false}
          aria-disabled={false}
          aria-label="Allow access to this room to all users, even outside "AGENT" domain"
          className="mx_AccessibleButton mx_ToggleSwitch mx_ToggleSwitch_enabled"
          onBlur={[Function]}
          onClick={[Function]}
          onFocus={[Function]}
          onKeyDown={[Function]}
          onKeyUp={[Function]}
          onMouseLeave={[Function]}
          onMouseOver={[Function]}
          role="switch"
          tabIndex={0}
        >
          <div
            className="mx_ToggleSwitch_ball"
          />
        </div>
      </AccessibleButton>
    </AccessibleTooltipButton>
  </_default>
</div>
`;
